// Jest Snapshot v1, https://goo.gl/fbAQLP

exports[`Modal Text Component:  matches the snapshot 1`] = `
<span
  className="modal-header-text"
>
  Reset Ethiq?
</span>
`;
