// Jest Snapshot v1, https://goo.gl/fbAQLP

exports[`Footer Component:  matches the snapshot 1`] = `
<div
  className="footer"
>
  <ul
    className="footer-links"
  >
    <li>
      <a
        href="/terms/faq"
        onClick={[Function]}
      >
        FAQ
      </a>
    </li>
    <li>
      <a
        href="/terms/service"
        onClick={[Function]}
      >
        TERMS AND CONDITIONS
      </a>
    </li>
    <li>
      <a
        href="/terms/privacy"
        onClick={[Function]}
      >
        PRIVACY POLICY
      </a>
    </li>
  </ul>
  <div
    className="disclaimer"
  >
    <span
      className="disclaimer-text"
    >
      Ethiq® and Vote With Your Wallet® are registered trademarks of Ethiq Inc. 2018. All rights reserved. Ethiq and other Ethiq products or services referenced here in are either trademarks or registered trademarks of Ethiq, Inc.
      <br />
      Other products and/or company names referenced or mentioned on this site and in media published by Us may be trademarks of their respective owners. We have no affiliation with these companies or their owners, and our services are not endorsed by them.
    </span>
  </div>
</div>
`;
