// Jest Snapshot v1, https://goo.gl/fbAQLP

exports[`FooterLink Component matches the snapshot 1`] = `
<li>
  <a
    href="/terms/faq"
    onClick={[Function]}
  >
    FAQ
  </a>
</li>
`;
